1771553580.131726 client started (3660): version 3.2a, socket /tmp/tmux-1000/default, protocol 8
1771553580.131757 on Linux 6.6.87.2-microsoft-standard-WSL2 #1 SMP PREEMPT_DYNAMIC Thu Jun  5 18:30:46 UTC 2025
1771553580.131761 using libevent 2.1.12-stable (poll); ncurses 6.4
1771553580.131773 flags are 0x10010000
1771553580.131775 socket is /tmp/tmux-1000/default
1771553580.131791 trying connect
1771553580.131882 add peer 0x5880f768f9f0: 6 ((nil))
1771553580.132126 sending message 100 to peer 0x5880f768f9f0 (4 bytes)
1771553580.132131 sending message 111 to peer 0x5880f768f9f0 (8 bytes)
1771553580.132133 sending message 101 to peer 0x5880f768f9f0 (16 bytes)
1771553580.132135 sending message 109 to peer 0x5880f768f9f0 (4 bytes)
1771553580.132136 sending message 102 to peer 0x5880f768f9f0 (11 bytes)
1771553580.132138 sending message 108 to peer 0x5880f768f9f0 (28 bytes)
1771553580.132140 sending message 112 to peer 0x5880f768f9f0 (70 bytes)
1771553580.132142 sending message 112 to peer 0x5880f768f9f0 (5 bytes)
1771553580.132144 sending message 112 to peer 0x5880f768f9f0 (5 bytes)
1771553580.132145 sending message 112 to peer 0x5880f768f9f0 (6 bytes)
1771553580.132147 sending message 112 to peer 0x5880f768f9f0 (6 bytes)
1771553580.132149 sending message 112 to peer 0x5880f768f9f0 (11 bytes)
1771553580.132150 sending message 112 to peer 0x5880f768f9f0 (10 bytes)
1771553580.132152 sending message 112 to peer 0x5880f768f9f0 (13 bytes)
1771553580.132154 sending message 112 to peer 0x5880f768f9f0 (13 bytes)
1771553580.132155 sending message 112 to peer 0x5880f768f9f0 (18 bytes)
1771553580.132157 sending message 112 to peer 0x5880f768f9f0 (11 bytes)
1771553580.132159 sending message 112 to peer 0x5880f768f9f0 (21 bytes)
1771553580.132160 sending message 112 to peer 0x5880f768f9f0 (13 bytes)
1771553580.132162 sending message 112 to peer 0x5880f768f9f0 (7 bytes)
1771553580.132163 sending message 112 to peer 0x5880f768f9f0 (13 bytes)
1771553580.132165 sending message 112 to peer 0x5880f768f9f0 (7 bytes)
1771553580.132167 sending message 112 to peer 0x5880f768f9f0 (13 bytes)
1771553580.132168 sending message 112 to peer 0x5880f768f9f0 (9 bytes)
1771553580.132170 sending message 112 to peer 0x5880f768f9f0 (21 bytes)
1771553580.132172 sending message 112 to peer 0x5880f768f9f0 (13 bytes)
1771553580.132174 sending message 112 to peer 0x5880f768f9f0 (8 bytes)
1771553580.132175 sending message 112 to peer 0x5880f768f9f0 (12 bytes)
1771553580.132177 sending message 112 to peer 0x5880f768f9f0 (13 bytes)
1771553580.132179 sending message 112 to peer 0x5880f768f9f0 (9 bytes)
1771553580.132180 sending message 112 to peer 0x5880f768f9f0 (9 bytes)
1771553580.132182 sending message 112 to peer 0x5880f768f9f0 (12 bytes)
1771553580.132183 sending message 112 to peer 0x5880f768f9f0 (8 bytes)
1771553580.132185 sending message 112 to peer 0x5880f768f9f0 (7 bytes)
1771553580.132186 sending message 112 to peer 0x5880f768f9f0 (7 bytes)
1771553580.132188 sending message 112 to peer 0x5880f768f9f0 (9 bytes)
1771553580.132190 sending message 112 to peer 0x5880f768f9f0 (13 bytes)
1771553580.132191 sending message 112 to peer 0x5880f768f9f0 (9 bytes)
1771553580.132193 sending message 112 to peer 0x5880f768f9f0 (15 bytes)
1771553580.132195 sending message 112 to peer 0x5880f768f9f0 (13 bytes)
1771553580.132196 sending message 112 to peer 0x5880f768f9f0 (12 bytes)
1771553580.132198 sending message 112 to peer 0x5880f768f9f0 (8 bytes)
1771553580.132200 sending message 112 to peer 0x5880f768f9f0 (14 bytes)
1771553580.132201 sending message 112 to peer 0x5880f768f9f0 (9 bytes)
1771553580.132203 sending message 112 to peer 0x5880f768f9f0 (10 bytes)
1771553580.132204 sending message 112 to peer 0x5880f768f9f0 (10 bytes)
1771553580.132206 sending message 112 to peer 0x5880f768f9f0 (10 bytes)
1771553580.132207 sending message 112 to peer 0x5880f768f9f0 (10 bytes)
1771553580.132209 sending message 112 to peer 0x5880f768f9f0 (11 bytes)
1771553580.132211 sending message 112 to peer 0x5880f768f9f0 (10 bytes)
1771553580.132212 sending message 112 to peer 0x5880f768f9f0 (8 bytes)
1771553580.132221 sending message 112 to peer 0x5880f768f9f0 (11 bytes)
1771553580.132223 sending message 112 to peer 0x5880f768f9f0 (11 bytes)
1771553580.132225 sending message 112 to peer 0x5880f768f9f0 (11 bytes)
1771553580.132227 sending message 112 to peer 0x5880f768f9f0 (8 bytes)
1771553580.132228 sending message 112 to peer 0x5880f768f9f0 (8 bytes)
1771553580.132230 sending message 112 to peer 0x5880f768f9f0 (8 bytes)
1771553580.132232 sending message 112 to peer 0x5880f768f9f0 (10 bytes)
1771553580.132233 sending message 112 to peer 0x5880f768f9f0 (10 bytes)
1771553580.132235 sending message 112 to peer 0x5880f768f9f0 (10 bytes)
1771553580.132237 sending message 112 to peer 0x5880f768f9f0 (10 bytes)
1771553580.132238 sending message 112 to peer 0x5880f768f9f0 (10 bytes)
1771553580.132240 sending message 112 to peer 0x5880f768f9f0 (11 bytes)
1771553580.132242 sending message 112 to peer 0x5880f768f9f0 (11 bytes)
1771553580.132243 sending message 112 to peer 0x5880f768f9f0 (10 bytes)
1771553580.132245 sending message 112 to peer 0x5880f768f9f0 (9 bytes)
1771553580.132247 sending message 112 to peer 0x5880f768f9f0 (9 bytes)
1771553580.132248 sending message 112 to peer 0x5880f768f9f0 (12 bytes)
1771553580.132250 sending message 112 to peer 0x5880f768f9f0 (9 bytes)
1771553580.132251 sending message 112 to peer 0x5880f768f9f0 (6 bytes)
1771553580.132253 sending message 112 to peer 0x5880f768f9f0 (13 bytes)
1771553580.132255 sending message 112 to peer 0x5880f768f9f0 (8 bytes)
1771553580.132256 sending message 112 to peer 0x5880f768f9f0 (15 bytes)
1771553580.132258 sending message 112 to peer 0x5880f768f9f0 (13 bytes)
1771553580.132259 sending message 112 to peer 0x5880f768f9f0 (70 bytes)
1771553580.132261 sending message 112 to peer 0x5880f768f9f0 (69 bytes)
1771553580.132263 sending message 112 to peer 0x5880f768f9f0 (10 bytes)
1771553580.132264 sending message 112 to peer 0x5880f768f9f0 (8 bytes)
1771553580.132266 sending message 112 to peer 0x5880f768f9f0 (15 bytes)
1771553580.132267 sending message 112 to peer 0x5880f768f9f0 (13 bytes)
1771553580.132269 sending message 112 to peer 0x5880f768f9f0 (10 bytes)
1771553580.132271 sending message 112 to peer 0x5880f768f9f0 (10 bytes)
1771553580.132272 sending message 112 to peer 0x5880f768f9f0 (5 bytes)
1771553580.132274 sending message 112 to peer 0x5880f768f9f0 (15 bytes)
1771553580.132276 sending message 104 to peer 0x5880f768f9f0 (0 bytes)
1771553580.132278 sending message 110 to peer 0x5880f768f9f0 (0 bytes)
1771553580.132280 sending message 107 to peer 0x5880f768f9f0 (4 bytes)
1771553580.132282 sending message 105 to peer 0x5880f768f9f0 (54 bytes)
1771553580.132284 sending message 105 to peer 0x5880f768f9f0 (11 bytes)
1771553580.132285 sending message 105 to peer 0x5880f768f9f0 (12 bytes)
1771553580.132287 sending message 105 to peer 0x5880f768f9f0 (59 bytes)
1771553580.132289 sending message 105 to peer 0x5880f768f9f0 (1711 bytes)
1771553580.132303 sending message 105 to peer 0x5880f768f9f0 (20 bytes)
1771553580.132305 sending message 105 to peer 0x5880f768f9f0 (16 bytes)
1771553580.132306 sending message 105 to peer 0x5880f768f9f0 (13 bytes)
1771553580.132308 sending message 105 to peer 0x5880f768f9f0 (8 bytes)
1771553580.132310 sending message 105 to peer 0x5880f768f9f0 (17 bytes)
1771553580.132312 sending message 105 to peer 0x5880f768f9f0 (32 bytes)
1771553580.132313 sending message 105 to peer 0x5880f768f9f0 (1817 bytes)
1771553580.132316 sending message 105 to peer 0x5880f768f9f0 (21 bytes)
1771553580.132317 sending message 105 to peer 0x5880f768f9f0 (22 bytes)
1771553580.132319 sending message 105 to peer 0x5880f768f9f0 (11 bytes)
1771553580.132321 sending message 105 to peer 0x5880f768f9f0 (427 bytes)
1771553580.132323 sending message 105 to peer 0x5880f768f9f0 (10 bytes)
1771553580.132325 sending message 105 to peer 0x5880f768f9f0 (40 bytes)
1771553580.132326 sending message 105 to peer 0x5880f768f9f0 (32 bytes)
1771553580.132328 sending message 105 to peer 0x5880f768f9f0 (19 bytes)
1771553580.132330 sending message 105 to peer 0x5880f768f9f0 (8 bytes)
1771553580.132334 sending message 105 to peer 0x5880f768f9f0 (21 bytes)
1771553580.132336 sending message 105 to peer 0x5880f768f9f0 (18 bytes)
1771553580.132338 sending message 105 to peer 0x5880f768f9f0 (26 bytes)
1771553580.132340 sending message 105 to peer 0x5880f768f9f0 (35 bytes)
1771553580.132341 sending message 105 to peer 0x5880f768f9f0 (13 bytes)
1771553580.132343 sending message 105 to peer 0x5880f768f9f0 (62 bytes)
1771553580.132345 sending message 105 to peer 0x5880f768f9f0 (19 bytes)
1771553580.132347 sending message 105 to peer 0x5880f768f9f0 (14 bytes)
1771553580.132348 sending message 105 to peer 0x5880f768f9f0 (26 bytes)
1771553580.132350 sending message 105 to peer 0x5880f768f9f0 (24 bytes)
1771553580.132352 sending message 105 to peer 0x5880f768f9f0 (33 bytes)
1771553580.132353 sending message 105 to peer 0x5880f768f9f0 (29 bytes)
1771553580.132355 sending message 105 to peer 0x5880f768f9f0 (34 bytes)
1771553580.132357 sending message 105 to peer 0x5880f768f9f0 (53 bytes)
1771553580.132358 sending message 105 to peer 0x5880f768f9f0 (48 bytes)
1771553580.132360 sending message 105 to peer 0x5880f768f9f0 (32 bytes)
1771553580.132362 sending message 105 to peer 0x5880f768f9f0 (36 bytes)
1771553580.132363 sending message 105 to peer 0x5880f768f9f0 (44 bytes)
1771553580.132365 sending message 105 to peer 0x5880f768f9f0 (49 bytes)
1771553580.132367 sending message 105 to peer 0x5880f768f9f0 (46 bytes)
1771553580.132368 sending message 105 to peer 0x5880f768f9f0 (33 bytes)
1771553580.132370 sending message 105 to peer 0x5880f768f9f0 (50 bytes)
1771553580.132371 sending message 105 to peer 0x5880f768f9f0 (29 bytes)
1771553580.132373 sending message 105 to peer 0x5880f768f9f0 (29 bytes)
1771553580.132375 sending message 105 to peer 0x5880f768f9f0 (21 bytes)
1771553580.132376 sending message 105 to peer 0x5880f768f9f0 (40 bytes)
1771553580.132378 sending message 105 to peer 0x5880f768f9f0 (33 bytes)
1771553580.132380 sending message 105 to peer 0x5880f768f9f0 (21 bytes)
1771553580.132382 sending message 105 to peer 0x5880f768f9f0 (30 bytes)
1771553580.132383 sending message 105 to peer 0x5880f768f9f0 (16 bytes)
1771553580.132385 sending message 105 to peer 0x5880f768f9f0 (50 bytes)
1771553580.132387 sending message 105 to peer 0x5880f768f9f0 (25 bytes)
1771553580.132388 sending message 105 to peer 0x5880f768f9f0 (38 bytes)
1771553580.132390 sending message 105 to peer 0x5880f768f9f0 (35 bytes)
1771553580.132392 sending message 105 to peer 0x5880f768f9f0 (42 bytes)
1771553580.132393 sending message 105 to peer 0x5880f768f9f0 (21 bytes)
1771553580.132395 sending message 105 to peer 0x5880f768f9f0 (14 bytes)
1771553580.132397 sending message 105 to peer 0x5880f768f9f0 (22 bytes)
1771553580.132399 sending message 105 to peer 0x5880f768f9f0 (17 bytes)
1771553580.132400 sending message 105 to peer 0x5880f768f9f0 (25 bytes)
1771553580.132402 sending message 105 to peer 0x5880f768f9f0 (27 bytes)
1771553580.132404 sending message 105 to peer 0x5880f768f9f0 (27 bytes)
1771553580.132405 sending message 105 to peer 0x5880f768f9f0 (25 bytes)
1771553580.132407 sending message 105 to peer 0x5880f768f9f0 (24 bytes)
1771553580.132409 sending message 105 to peer 0x5880f768f9f0 (23 bytes)
1771553580.132410 sending message 105 to peer 0x5880f768f9f0 (20 bytes)
1771553580.132412 sending message 105 to peer 0x5880f768f9f0 (15 bytes)
1771553580.132414 sending message 105 to peer 0x5880f768f9f0 (17 bytes)
1771553580.132415 sending message 105 to peer 0x5880f768f9f0 (17 bytes)
1771553580.132417 sending message 105 to peer 0x5880f768f9f0 (15 bytes)
1771553580.132419 sending message 105 to peer 0x5880f768f9f0 (18 bytes)
1771553580.132420 sending message 105 to peer 0x5880f768f9f0 (18 bytes)
1771553580.132422 sending message 105 to peer 0x5880f768f9f0 (22 bytes)
1771553580.132424 sending message 105 to peer 0x5880f768f9f0 (25 bytes)
1771553580.132426 sending message 105 to peer 0x5880f768f9f0 (18 bytes)
1771553580.132427 sending message 105 to peer 0x5880f768f9f0 (16 bytes)
1771553580.132429 sending message 105 to peer 0x5880f768f9f0 (18 bytes)
1771553580.132433 sending message 105 to peer 0x5880f768f9f0 (22 bytes)
1771553580.132435 sending message 105 to peer 0x5880f768f9f0 (22 bytes)
1771553580.132437 sending message 105 to peer 0x5880f768f9f0 (25 bytes)
1771553580.132439 sending message 105 to peer 0x5880f768f9f0 (17 bytes)
1771553580.132440 sending message 105 to peer 0x5880f768f9f0 (65 bytes)
1771553580.132442 sending message 105 to peer 0x5880f768f9f0 (28 bytes)
1771553580.132444 sending message 105 to peer 0x5880f768f9f0 (16 bytes)
1771553580.132445 sending message 105 to peer 0x5880f768f9f0 (16 bytes)
1771553580.132447 sending message 106 to peer 0x5880f768f9f0 (0 bytes)
1771553580.132450 cmd_pack_argv: argv[0]=new
1771553580.132452 sending message 200 to peer 0x5880f768f9f0 (8 bytes)
1771553580.132454 client loop enter
1771553580.133148 peer 0x5880f768f9f0 message 303
1771553580.133156 open write file 2 -
1771553580.133164 sending message 305 to peer 0x5880f768f9f0 (8 bytes)
1771553580.133208 write check file 2
1771553580.133511 peer 0x5880f768f9f0 message 304
1771553580.133519 write 58 to file 2
1771553580.133523 peer 0x5880f768f9f0 message 203
1771553580.133525 file 2 58 bytes left
1771553580.133571 write check file 2
1771553580.133574 client loop exit
